running egg_info
creating ../../build/haru_2026_pkg/haru_2026_pkg.egg-info
writing ../../build/haru_2026_pkg/haru_2026_pkg.egg-info/PKG-INFO
writing dependency_links to ../../build/haru_2026_pkg/haru_2026_pkg.egg-info/dependency_links.txt
writing entry points to ../../build/haru_2026_pkg/haru_2026_pkg.egg-info/entry_points.txt
writing requirements to ../../build/haru_2026_pkg/haru_2026_pkg.egg-info/requires.txt
writing top-level names to ../../build/haru_2026_pkg/haru_2026_pkg.egg-info/top_level.txt
writing manifest file '../../build/haru_2026_pkg/haru_2026_pkg.egg-info/SOURCES.txt'
reading manifest file '../../build/haru_2026_pkg/haru_2026_pkg.egg-info/SOURCES.txt'
writing manifest file '../../build/haru_2026_pkg/haru_2026_pkg.egg-info/SOURCES.txt'
running build
running build_py
creating /home/altair/haru_2026/build/haru_2026_pkg/build
creating /home/altair/haru_2026/build/haru_2026_pkg/build/lib
creating /home/altair/haru_2026/build/haru_2026_pkg/build/lib/haru_2026_pkg
copying haru_2026_pkg/ps3_node.py -> /home/altair/haru_2026/build/haru_2026_pkg/build/lib/haru_2026_pkg
copying haru_2026_pkg/__init__.py -> /home/altair/haru_2026/build/haru_2026_pkg/build/lib/haru_2026_pkg
running install
running install_lib
creating /home/altair/haru_2026/install/haru_2026_pkg/lib/python3.10/site-packages/haru_2026_pkg
copying /home/altair/haru_2026/build/haru_2026_pkg/build/lib/haru_2026_pkg/ps3_node.py -> /home/altair/haru_2026/install/haru_2026_pkg/lib/python3.10/site-packages/haru_2026_pkg
copying /home/altair/haru_2026/build/haru_2026_pkg/build/lib/haru_2026_pkg/__init__.py -> /home/altair/haru_2026/install/haru_2026_pkg/lib/python3.10/site-packages/haru_2026_pkg
byte-compiling /home/altair/haru_2026/install/haru_2026_pkg/lib/python3.10/site-packages/haru_2026_pkg/ps3_node.py to ps3_node.cpython-310.pyc
byte-compiling /home/altair/haru_2026/install/haru_2026_pkg/lib/python3.10/site-packages/haru_2026_pkg/__init__.py to __init__.cpython-310.pyc
running install_data
creating /home/altair/haru_2026/install/haru_2026_pkg/share/ament_index
creating /home/altair/haru_2026/install/haru_2026_pkg/share/ament_index/resource_index
creating /home/altair/haru_2026/install/haru_2026_pkg/share/ament_index/resource_index/packages
copying resource/haru_2026_pkg -> /home/altair/haru_2026/install/haru_2026_pkg/share/ament_index/resource_index/packages
copying package.xml -> /home/altair/haru_2026/install/haru_2026_pkg/share/haru_2026_pkg
running install_egg_info
Copying ../../build/haru_2026_pkg/haru_2026_pkg.egg-info to /home/altair/haru_2026/install/haru_2026_pkg/lib/python3.10/site-packages/haru_2026_pkg-0.0.0-py3.10.egg-info
running install_scripts
Installing ps3_node script to /home/altair/haru_2026/install/haru_2026_pkg/lib/haru_2026_pkg
writing list of installed files to '/home/altair/haru_2026/build/haru_2026_pkg/install.log'
