[0.752s] Invoking command in '/home/altair/haru_2026/src/haru_2026_pkg': PYTHONPATH=/home/altair/haru_2026/build/haru_2026_pkg/prefix_override:/usr/lib/python3/dist-packages/colcon_core/task/python/colcon_distutils_commands:/home/altair/haru_2026/install/haru_2026_pkg/lib/python3.10/site-packages:${PYTHONPATH} /usr/bin/python3 -W ignore:setup.py install is deprecated -W ignore:easy_install command is deprecated setup.py egg_info --egg-base ../../build/haru_2026_pkg build --build-base /home/altair/haru_2026/build/haru_2026_pkg/build install --record /home/altair/haru_2026/build/haru_2026_pkg/install.log --single-version-externally-managed install_data
[1.026s] running egg_info
[1.026s] creating ../../build/haru_2026_pkg/haru_2026_pkg.egg-info
[1.026s] writing ../../build/haru_2026_pkg/haru_2026_pkg.egg-info/PKG-INFO
[1.026s] writing dependency_links to ../../build/haru_2026_pkg/haru_2026_pkg.egg-info/dependency_links.txt
[1.027s] writing entry points to ../../build/haru_2026_pkg/haru_2026_pkg.egg-info/entry_points.txt
[1.027s] writing requirements to ../../build/haru_2026_pkg/haru_2026_pkg.egg-info/requires.txt
[1.027s] writing top-level names to ../../build/haru_2026_pkg/haru_2026_pkg.egg-info/top_level.txt
[1.027s] writing manifest file '../../build/haru_2026_pkg/haru_2026_pkg.egg-info/SOURCES.txt'
[1.029s] reading manifest file '../../build/haru_2026_pkg/haru_2026_pkg.egg-info/SOURCES.txt'
[1.029s] writing manifest file '../../build/haru_2026_pkg/haru_2026_pkg.egg-info/SOURCES.txt'
[1.030s] running build
[1.030s] running build_py
[1.030s] creating /home/altair/haru_2026/build/haru_2026_pkg/build
[1.030s] creating /home/altair/haru_2026/build/haru_2026_pkg/build/lib
[1.030s] creating /home/altair/haru_2026/build/haru_2026_pkg/build/lib/haru_2026_pkg
[1.030s] copying haru_2026_pkg/ps3_node.py -> /home/altair/haru_2026/build/haru_2026_pkg/build/lib/haru_2026_pkg
[1.030s] copying haru_2026_pkg/__init__.py -> /home/altair/haru_2026/build/haru_2026_pkg/build/lib/haru_2026_pkg
[1.030s] running install
[1.030s] running install_lib
[1.031s] creating /home/altair/haru_2026/install/haru_2026_pkg/lib/python3.10/site-packages/haru_2026_pkg
[1.031s] copying /home/altair/haru_2026/build/haru_2026_pkg/build/lib/haru_2026_pkg/ps3_node.py -> /home/altair/haru_2026/install/haru_2026_pkg/lib/python3.10/site-packages/haru_2026_pkg
[1.031s] copying /home/altair/haru_2026/build/haru_2026_pkg/build/lib/haru_2026_pkg/__init__.py -> /home/altair/haru_2026/install/haru_2026_pkg/lib/python3.10/site-packages/haru_2026_pkg
[1.032s] byte-compiling /home/altair/haru_2026/install/haru_2026_pkg/lib/python3.10/site-packages/haru_2026_pkg/ps3_node.py to ps3_node.cpython-310.pyc
[1.033s] byte-compiling /home/altair/haru_2026/install/haru_2026_pkg/lib/python3.10/site-packages/haru_2026_pkg/__init__.py to __init__.cpython-310.pyc
[1.033s] running install_data
[1.033s] creating /home/altair/haru_2026/install/haru_2026_pkg/share/ament_index
[1.033s] creating /home/altair/haru_2026/install/haru_2026_pkg/share/ament_index/resource_index
[1.033s] creating /home/altair/haru_2026/install/haru_2026_pkg/share/ament_index/resource_index/packages
[1.033s] copying resource/haru_2026_pkg -> /home/altair/haru_2026/install/haru_2026_pkg/share/ament_index/resource_index/packages
[1.033s] copying package.xml -> /home/altair/haru_2026/install/haru_2026_pkg/share/haru_2026_pkg
[1.033s] running install_egg_info
[1.035s] Copying ../../build/haru_2026_pkg/haru_2026_pkg.egg-info to /home/altair/haru_2026/install/haru_2026_pkg/lib/python3.10/site-packages/haru_2026_pkg-0.0.0-py3.10.egg-info
[1.036s] running install_scripts
[1.057s] Installing ps3_node script to /home/altair/haru_2026/install/haru_2026_pkg/lib/haru_2026_pkg
[1.057s] writing list of installed files to '/home/altair/haru_2026/build/haru_2026_pkg/install.log'
[1.079s] Invoked command in '/home/altair/haru_2026/src/haru_2026_pkg' returned '0': PYTHONPATH=/home/altair/haru_2026/build/haru_2026_pkg/prefix_override:/usr/lib/python3/dist-packages/colcon_core/task/python/colcon_distutils_commands:/home/altair/haru_2026/install/haru_2026_pkg/lib/python3.10/site-packages:${PYTHONPATH} /usr/bin/python3 -W ignore:setup.py install is deprecated -W ignore:easy_install command is deprecated setup.py egg_info --egg-base ../../build/haru_2026_pkg build --build-base /home/altair/haru_2026/build/haru_2026_pkg/build install --record /home/altair/haru_2026/build/haru_2026_pkg/install.log --single-version-externally-managed install_data
