[0.799s] Invoking command in '/home/altair/haru_2026/src/haru_2026_pkg': PYTHONPATH=/home/altair/haru_2026/build/haru_2026_pkg/prefix_override:/usr/lib/python3/dist-packages/colcon_core/task/python/colcon_distutils_commands:/home/altair/haru_2026/install/haru_2026_pkg/lib/python3.10/site-packages:${PYTHONPATH} /usr/bin/python3 -W ignore:setup.py install is deprecated -W ignore:easy_install command is deprecated setup.py egg_info --egg-base ../../build/haru_2026_pkg build --build-base /home/altair/haru_2026/build/haru_2026_pkg/build install --record /home/altair/haru_2026/build/haru_2026_pkg/install.log --single-version-externally-managed install_data
[1.083s] running egg_info
[1.084s] writing ../../build/haru_2026_pkg/haru_2026_pkg.egg-info/PKG-INFO
[1.084s] writing dependency_links to ../../build/haru_2026_pkg/haru_2026_pkg.egg-info/dependency_links.txt
[1.084s] writing entry points to ../../build/haru_2026_pkg/haru_2026_pkg.egg-info/entry_points.txt
[1.085s] writing requirements to ../../build/haru_2026_pkg/haru_2026_pkg.egg-info/requires.txt
[1.085s] writing top-level names to ../../build/haru_2026_pkg/haru_2026_pkg.egg-info/top_level.txt
[1.087s] reading manifest file '../../build/haru_2026_pkg/haru_2026_pkg.egg-info/SOURCES.txt'
[1.088s] writing manifest file '../../build/haru_2026_pkg/haru_2026_pkg.egg-info/SOURCES.txt'
[1.088s] running build
[1.088s] running build_py
[1.088s] running install
[1.089s] running install_lib
[1.090s] running install_data
[1.090s] running install_egg_info
[1.092s] removing '/home/altair/haru_2026/install/haru_2026_pkg/lib/python3.10/site-packages/haru_2026_pkg-0.0.0-py3.10.egg-info' (and everything under it)
[1.093s] Copying ../../build/haru_2026_pkg/haru_2026_pkg.egg-info to /home/altair/haru_2026/install/haru_2026_pkg/lib/python3.10/site-packages/haru_2026_pkg-0.0.0-py3.10.egg-info
[1.094s] running install_scripts
[1.120s] Installing button_cannode = haru_2026_pkg.button_cannode:mainps4_can_node.py script to /home/altair/haru_2026/install/haru_2026_pkg/lib/haru_2026_pkg
[1.120s] Installing can_node script to /home/altair/haru_2026/install/haru_2026_pkg/lib/haru_2026_pkg
[1.121s] Installing ps3_node script to /home/altair/haru_2026/install/haru_2026_pkg/lib/haru_2026_pkg
[1.121s] Installing roboware_node script to /home/altair/haru_2026/install/haru_2026_pkg/lib/haru_2026_pkg
[1.121s] writing list of installed files to '/home/altair/haru_2026/build/haru_2026_pkg/install.log'
[1.145s] Invoked command in '/home/altair/haru_2026/src/haru_2026_pkg' returned '0': PYTHONPATH=/home/altair/haru_2026/build/haru_2026_pkg/prefix_override:/usr/lib/python3/dist-packages/colcon_core/task/python/colcon_distutils_commands:/home/altair/haru_2026/install/haru_2026_pkg/lib/python3.10/site-packages:${PYTHONPATH} /usr/bin/python3 -W ignore:setup.py install is deprecated -W ignore:easy_install command is deprecated setup.py egg_info --egg-base ../../build/haru_2026_pkg build --build-base /home/altair/haru_2026/build/haru_2026_pkg/build install --record /home/altair/haru_2026/build/haru_2026_pkg/install.log --single-version-externally-managed install_data
