[0.709s] Invoking command in '/home/altair/haru_2026/src/haru_2026_pkg': PYTHONPATH=/home/altair/haru_2026/build/haru_2026_pkg/prefix_override:/usr/lib/python3/dist-packages/colcon_core/task/python/colcon_distutils_commands:/home/altair/haru_2026/install/haru_2026_pkg/lib/python3.10/site-packages:${PYTHONPATH} /usr/bin/python3 -W ignore:setup.py install is deprecated -W ignore:easy_install command is deprecated setup.py egg_info --egg-base ../../build/haru_2026_pkg build --build-base /home/altair/haru_2026/build/haru_2026_pkg/build install --record /home/altair/haru_2026/build/haru_2026_pkg/install.log --single-version-externally-managed install_data
[0.989s] running egg_info
[0.990s] writing ../../build/haru_2026_pkg/haru_2026_pkg.egg-info/PKG-INFO
[0.990s] writing dependency_links to ../../build/haru_2026_pkg/haru_2026_pkg.egg-info/dependency_links.txt
[0.990s] writing entry points to ../../build/haru_2026_pkg/haru_2026_pkg.egg-info/entry_points.txt
[0.990s] writing requirements to ../../build/haru_2026_pkg/haru_2026_pkg.egg-info/requires.txt
[0.990s] writing top-level names to ../../build/haru_2026_pkg/haru_2026_pkg.egg-info/top_level.txt
[0.992s] reading manifest file '../../build/haru_2026_pkg/haru_2026_pkg.egg-info/SOURCES.txt'
[0.993s] writing manifest file '../../build/haru_2026_pkg/haru_2026_pkg.egg-info/SOURCES.txt'
[0.993s] running build
[0.993s] running build_py
[0.993s] copying haru_2026_pkg/ps4_can_node.py -> /home/altair/haru_2026/build/haru_2026_pkg/build/lib/haru_2026_pkg
[0.994s] running install
[0.994s] running install_lib
[0.995s] copying /home/altair/haru_2026/build/haru_2026_pkg/build/lib/haru_2026_pkg/ps4_can_node.py -> /home/altair/haru_2026/install/haru_2026_pkg/lib/python3.10/site-packages/haru_2026_pkg
[0.996s] byte-compiling /home/altair/haru_2026/install/haru_2026_pkg/lib/python3.10/site-packages/haru_2026_pkg/ps4_can_node.py to ps4_can_node.cpython-310.pyc
[0.997s] running install_data
[0.997s] running install_egg_info
[0.999s] removing '/home/altair/haru_2026/install/haru_2026_pkg/lib/python3.10/site-packages/haru_2026_pkg-0.0.0-py3.10.egg-info' (and everything under it)
[0.999s] Copying ../../build/haru_2026_pkg/haru_2026_pkg.egg-info to /home/altair/haru_2026/install/haru_2026_pkg/lib/python3.10/site-packages/haru_2026_pkg-0.0.0-py3.10.egg-info
[1.000s] running install_scripts
[1.023s] Installing button_cannode script to /home/altair/haru_2026/install/haru_2026_pkg/lib/haru_2026_pkg
[1.023s] Installing can_node script to /home/altair/haru_2026/install/haru_2026_pkg/lib/haru_2026_pkg
[1.023s] Installing ps3_node script to /home/altair/haru_2026/install/haru_2026_pkg/lib/haru_2026_pkg
[1.023s] Installing ps4_can_node script to /home/altair/haru_2026/install/haru_2026_pkg/lib/haru_2026_pkg
[1.024s] Installing roboware_node script to /home/altair/haru_2026/install/haru_2026_pkg/lib/haru_2026_pkg
[1.024s] writing list of installed files to '/home/altair/haru_2026/build/haru_2026_pkg/install.log'
[1.047s] Invoked command in '/home/altair/haru_2026/src/haru_2026_pkg' returned '0': PYTHONPATH=/home/altair/haru_2026/build/haru_2026_pkg/prefix_override:/usr/lib/python3/dist-packages/colcon_core/task/python/colcon_distutils_commands:/home/altair/haru_2026/install/haru_2026_pkg/lib/python3.10/site-packages:${PYTHONPATH} /usr/bin/python3 -W ignore:setup.py install is deprecated -W ignore:easy_install command is deprecated setup.py egg_info --egg-base ../../build/haru_2026_pkg build --build-base /home/altair/haru_2026/build/haru_2026_pkg/build install --record /home/altair/haru_2026/build/haru_2026_pkg/install.log --single-version-externally-managed install_data
